Processing 1 objects
Process count 0
1: t0000000
The date/time for one or more observations is in the future.
If that's not what you expected,  you should check the data.
; a=2.706, e=0.562, i=18 MOID 0.338   20 obs; 2022 Oct. 4-17
[0mProcess 0 is done
